2026-09-08 12:39:53.094 === BLE NUS receiver started ===
2026-09-08 12:39:53.099 Packet log: /Users/shreybae/Documents/iLAB/nRF_SDK/12_bt-bf-vad/bt_processing/ble_receiver.txt
2026-09-08 12:39:53.099 Raw PCM: /Users/shreybae/Documents/iLAB/nRF_SDK/12_bt-bf-vad/bt_processing/audio.pcm
2026-09-08 12:39:53.099 WAV audio: /Users/shreybae/Documents/iLAB/nRF_SDK/12_bt-bf-vad/bt_processing/audio.wav
2026-09-08 12:39:53.182 Bluetooth ready. Scanning for Nordic UART Service (NUS)...
2026-09-08 12:39:53.803 Found device: Beamformer, RSSI: -70, Connecting...
2026-09-08 12:39:54.575 Connected. Looking for NUS service...
2026-09-08 12:39:55.018 NUS service found. Discovering TX characteristic...
2026-09-08 12:39:55.078 NUS TX properties raw value: 16
2026-09-08 12:39:55.198 Notifications enabled. Waiting for packets...
2026-09-08 12:40:03.244 Disconnected: The connection has timed out unexpectedly.
2026-09-08 12:40:04.823 Found device: Beamformer, RSSI: -51, Connecting...
2026-09-08 12:40:05.611 Connected. Looking for NUS service...
2026-09-08 12:40:06.059 NUS service found. Discovering TX characteristic...
2026-09-08 12:40:06.120 NUS TX properties raw value: 16
2026-09-08 12:40:06.239 Notifications enabled. Waiting for packets...
2026-09-08 12:40:08.310 Receiving audio packet stream...
2026-09-08 12:40:11.920 Transfer complete. packets=483 pcm_bytes=82432 duration=2.576 s
2026-09-08 12:40:11.920 Packet data saved to ble_receiver.txt
2026-09-08 12:40:11.920 Raw PCM saved to audio.pcm
2026-09-08 12:40:11.920 WAV audio saved to audio.wav
2026-09-08 12:55:18.995 Disconnected: The connection has timed out unexpectedly.
2026-09-08 12:55:19.939 Found device: Beamformer, RSSI: -52, Connecting...
2026-09-08 12:55:20.667 Connected. Looking for NUS service...
2026-09-08 12:55:21.141 NUS service found. Discovering TX characteristic...
2026-09-08 12:55:21.201 NUS TX properties raw value: 16
2026-09-08 12:55:21.322 Notifications enabled. Waiting for packets...
2026-09-08 13:05:28.965 Disconnected: The connection has timed out unexpectedly.
2026-09-08 13:05:32.754 Found device: Beamformer, RSSI: -49, Connecting...
2026-09-08 13:05:34.115 Connected. Looking for NUS service...
2026-09-08 13:05:34.591 NUS service found. Discovering TX characteristic...
2026-09-08 13:05:34.651 NUS TX properties raw value: 16
2026-09-08 13:05:34.771 Notifications enabled. Waiting for packets...
2026-09-08 13:05:37.657 Receiving audio packet stream...
2026-09-08 13:05:41.778 Transfer complete. packets=591 pcm_bytes=100864 duration=3.152 s
2026-09-08 13:05:41.778 Packet data saved to ble_receiver.txt
2026-09-08 13:05:41.778 Raw PCM saved to audio.pcm
2026-09-08 13:05:41.778 WAV audio saved to audio.wav
2026-09-08 13:22:19.742 Disconnected: The connection has timed out unexpectedly.
2026-09-08 13:22:23.732 Found device: Beamformer, RSSI: -49, Connecting...
2026-09-08 13:22:24.470 Connected. Looking for NUS service...
2026-09-08 13:22:24.919 NUS service found. Discovering TX characteristic...
2026-09-08 13:22:24.977 NUS TX properties raw value: 16
2026-09-08 13:22:25.097 Notifications enabled. Waiting for packets...
2026-09-08 13:22:30.948 Receiving audio packet stream...
2026-09-08 13:22:36.542 Transfer complete. packets=873 pcm_bytes=148992 duration=4.656 s
2026-09-08 13:22:36.543 Packet data saved to ble_receiver.txt
2026-09-08 13:22:36.543 Raw PCM saved to audio.pcm
2026-09-08 13:22:36.543 WAV audio saved to audio.wav
2026-09-08 14:23:30.744 === BLE NUS receiver started ===
2026-09-08 14:23:30.750 Recordings folder: /Users/shreybae/Documents/iLAB/nrfedgeAI_workspace/13_finalProto/bt_processing/recordings
2026-09-08 14:23:30.826 Bluetooth ready. Scanning for Nordic UART Service (NUS)...
2026-09-08 14:23:31.462 Found device: Beamformer, RSSI: -55, Connecting...
2026-09-08 14:23:32.202 Connected. Looking for NUS service...
2026-09-08 14:23:32.676 NUS service found. Discovering TX characteristic...
2026-09-08 14:23:32.736 NUS TX properties raw value: 16
2026-09-08 14:23:32.856 Notifications enabled. Waiting for packets...
2026-09-08 14:23:38.318 Recording #1 -> 2026-09-08_14-23-38/
2026-09-08 14:23:38.318 Receiving audio packet stream...
2026-09-08 14:23:51.356 Transfer complete. packets=2142 pcm_bytes=365568 duration=11.424 s (wall 12.039 s)
2026-09-08 14:23:51.357 Saved to /Users/shreybae/Documents/iLAB/nrfedgeAI_workspace/13_finalProto/bt_processing/recordings/2026-09-08_14-23-38
2026-09-08 14:38:47.386 === BLE NUS receiver started ===
2026-09-08 14:38:47.392 Recordings folder: /Users/shreybae/Documents/iLAB/nrfedgeAI_workspace/13_finalProto/bt_processing/recordings
2026-09-08 14:38:47.477 Bluetooth ready. Scanning for Nordic UART Service (NUS)...
2026-09-08 14:38:54.436 Found device: Beamformer, RSSI: -49, Connecting...
2026-09-08 14:38:55.268 Connected. Looking for NUS service...
2026-09-08 14:38:55.773 NUS service found. Discovering TX characteristic...
2026-09-08 14:38:55.832 NUS TX properties raw value: 16
2026-09-08 14:38:55.952 Notifications enabled. Waiting for packets...
2026-09-08 14:39:10.354 Recording #1 -> 2026-09-08_14-39-10/
2026-09-08 14:39:10.356 Receiving audio packet stream...
2026-09-08 14:39:15.679 Transfer complete. packets=675 pcm_bytes=115200 duration=3.600 s (wall 4.326 s)
2026-09-08 14:39:15.679 Saved to /Users/shreybae/Documents/iLAB/nrfedgeAI_workspace/13_finalProto/bt_processing/recordings/2026-09-08_14-39-10
2026-09-08 14:49:51.747 === BLE NUS receiver started ===
2026-09-08 14:49:51.752 Recordings folder: /Users/shreybae/Documents/iLAB/nrfedgeAI_workspace/13_finalProto/bt_processing/recordings
2026-09-08 14:49:51.843 Bluetooth ready. Scanning for Nordic UART Service (NUS)...
2026-09-08 14:50:34.426 Found device: Beamformer, RSSI: -56, Connecting...
2026-09-08 14:50:35.181 Connected. Looking for NUS service...
2026-09-08 14:50:35.625 NUS service found. Discovering TX characteristic...
2026-09-08 14:50:35.685 NUS TX properties raw value: 16
2026-09-08 14:50:35.805 Notifications enabled. Waiting for packets...
2026-09-08 14:50:42.226 Recording #1 -> 2026-09-08_14-50-42/
2026-09-08 14:50:42.227 Receiving audio packet stream...
2026-09-08 14:50:45.902 Transfer complete. packets=468 pcm_bytes=79872 duration=2.496 s (wall 2.675 s)
2026-09-08 14:50:45.902 Saved to /Users/shreybae/Documents/iLAB/nrfedgeAI_workspace/13_finalProto/bt_processing/recordings/2026-09-08_14-50-42
2026-09-08 14:51:21.630 === BLE NUS receiver started ===
2026-09-08 14:51:21.637 Recordings folder: /Users/shreybae/Documents/iLAB/nrfedgeAI_workspace/13_finalProto/bt_processing/recordings
2026-09-08 14:51:21.719 Bluetooth ready. Scanning for Nordic UART Service (NUS)...
2026-09-08 14:51:26.084 Found device: Beamformer, RSSI: -54, Connecting...
2026-09-08 14:51:27.019 Connected. Looking for NUS service...
2026-09-08 14:51:27.465 NUS service found. Discovering TX characteristic...
2026-09-08 14:51:27.525 NUS TX properties raw value: 16
2026-09-08 14:51:27.675 Notifications enabled. Waiting for packets...
2026-09-08 14:51:31.247 Recording #1 -> 2026-09-08_14-51-31/
2026-09-08 14:51:31.247 Receiving audio packet stream...
2026-09-08 14:51:34.924 Transfer complete. packets=471 pcm_bytes=80384 duration=2.512 s (wall 2.678 s)
2026-09-08 14:51:34.924 Saved to /Users/shreybae/Documents/iLAB/nrfedgeAI_workspace/13_finalProto/bt_processing/recordings/2026-09-08_14-51-31
2026-09-08 14:57:59.969 Recording #2 -> 2026-09-08_14-57-59/
2026-09-08 14:57:59.969 Receiving audio packet stream...
2026-09-08 14:58:07.991 Transfer complete. packets=1227 pcm_bytes=209408 duration=6.544 s (wall 7.023 s)
2026-09-08 14:58:07.991 Saved to /Users/shreybae/Documents/iLAB/nrfedgeAI_workspace/13_finalProto/bt_processing/recordings/2026-09-08_14-57-59
2026-09-08 14:59:00.449 Recording #3 -> 2026-09-08_14-59-00/
2026-09-08 14:59:00.450 Receiving audio packet stream...
2026-09-08 14:59:02.380 Transfer complete. packets=180 pcm_bytes=30720 duration=0.960 s (wall 0.935 s)
2026-09-08 14:59:02.380 Saved to /Users/shreybae/Documents/iLAB/nrfedgeAI_workspace/13_finalProto/bt_processing/recordings/2026-09-08_14-59-00
2026-09-08 15:12:14.295 Disconnected: The connection has timed out unexpectedly.
2026-09-08 15:12:18.427 Found device: Beamformer, RSSI: -53, Connecting...
2026-09-08 15:12:19.148 Connected. Looking for NUS service...
2026-09-08 15:12:19.591 NUS service found. Discovering TX characteristic...
2026-09-08 15:12:19.651 NUS TX properties raw value: 16
2026-09-08 15:12:19.771 Notifications enabled. Waiting for packets...
2026-09-08 15:12:30.783 Recording #4 -> 2026-09-08_15-12-30/
2026-09-08 15:12:30.785 Receiving audio packet stream...
2026-09-08 15:13:00.381 Transfer complete. packets=5472 pcm_bytes=933888 duration=29.184 s (wall 28.597 s)
2026-09-08 15:13:00.381 Saved to /Users/shreybae/Documents/iLAB/nrfedgeAI_workspace/13_finalProto/bt_processing/recordings/2026-09-08_15-12-30
2026-09-08 15:13:44.074 Recording #5 -> 2026-09-08_15-13-44/
2026-09-08 15:13:44.075 Receiving audio packet stream...
2026-09-08 15:13:57.988 Transfer complete. packets=2436 pcm_bytes=415744 duration=12.992 s (wall 12.914 s)
2026-09-08 15:13:57.988 Saved to /Users/shreybae/Documents/iLAB/nrfedgeAI_workspace/13_finalProto/bt_processing/recordings/2026-09-08_15-13-44
2026-09-08 15:14:00.814 Recording #6 -> 2026-09-08_15-14-00/
2026-09-08 15:14:00.814 Receiving audio packet stream...
2026-09-08 15:14:02.272 Transfer complete. packets=147 pcm_bytes=25088 duration=0.784 s (wall 0.459 s)
2026-09-08 15:14:02.272 Saved to /Users/shreybae/Documents/iLAB/nrfedgeAI_workspace/13_finalProto/bt_processing/recordings/2026-09-08_15-14-00
2026-09-08 15:16:08.020 Recording #7 -> 2026-09-08_15-16-08/
2026-09-08 15:16:08.021 Receiving audio packet stream...
2026-09-08 15:16:15.748 Transfer complete. packets=1338 pcm_bytes=228352 duration=7.136 s (wall 6.730 s)
2026-09-08 15:16:15.749 Saved to /Users/shreybae/Documents/iLAB/nrfedgeAI_workspace/13_finalProto/bt_processing/recordings/2026-09-08_15-16-08
2026-09-08 15:18:47.109 Recording #8 -> 2026-09-08_15-18-47/
2026-09-08 15:18:47.109 Receiving audio packet stream...
2026-09-08 15:19:10.141 Transfer complete. packets=4236 pcm_bytes=722944 duration=22.592 s (wall 22.033 s)
2026-09-08 15:19:10.141 Saved to /Users/shreybae/Documents/iLAB/nrfedgeAI_workspace/13_finalProto/bt_processing/recordings/2026-09-08_15-18-47
2026-09-08 15:22:01.271 Recording #9 -> 2026-09-08_15-22-01/
2026-09-08 15:22:01.271 Receiving audio packet stream...
2026-09-08 15:22:11.940 Transfer complete. packets=1887 pcm_bytes=322048 duration=10.064 s (wall 9.669 s)
2026-09-08 15:22:11.940 Saved to /Users/shreybae/Documents/iLAB/nrfedgeAI_workspace/13_finalProto/bt_processing/recordings/2026-09-08_15-22-01
2026-09-08 15:29:36.364 Disconnected: The connection has timed out unexpectedly.
2026-09-08 15:29:40.600 Found device: Beamformer, RSSI: -54, Connecting...
2026-09-08 15:29:41.427 Connected. Looking for NUS service...
2026-09-08 15:29:41.902 NUS service found. Discovering TX characteristic...
2026-09-08 15:29:41.962 NUS TX properties raw value: 16
2026-09-08 15:29:42.082 Notifications enabled. Waiting for packets...
2026-09-08 15:29:46.734 Recording #10 -> 2026-09-08_15-29-46/
2026-09-08 15:29:46.734 Receiving audio packet stream...
2026-09-08 15:29:57.464 Transfer complete. packets=1911 pcm_bytes=326144 duration=10.192 s (wall 9.730 s)
2026-09-08 15:29:57.464 Saved to /Users/shreybae/Documents/iLAB/nrfedgeAI_workspace/13_finalProto/bt_processing/recordings/2026-09-08_15-29-46
2026-09-08 15:34:49.558 === BLE NUS receiver started ===
2026-09-08 15:34:49.561 Recordings folder: /Users/shreybae/Documents/iLAB/nrfedgeAI_workspace/13_finalProto/bt_processing/recordings
2026-09-08 15:34:49.605 Bluetooth ready. Scanning for Nordic UART Service (NUS)...
2026-09-08 15:34:56.868 Found device: Beamformer, RSSI: -43, Connecting...
2026-09-08 15:34:57.602 Connected. Looking for NUS service...
2026-09-08 15:34:58.047 NUS service found. Discovering TX characteristic...
2026-09-08 15:34:58.136 NUS TX properties raw value: 16
2026-09-08 15:34:58.256 Notifications enabled. Waiting for packets...
2026-09-08 15:35:04.228 Recording #1 -> 2026-09-08_15-35-04/
2026-09-08 15:35:04.229 Receiving audio packet stream...
2026-09-08 15:35:06.432 Transfer complete. packets=285 pcm_bytes=48640 duration=1.520 s (wall 1.203 s)
2026-09-08 15:35:06.432 Saved to /Users/shreybae/Documents/iLAB/nrfedgeAI_workspace/13_finalProto/bt_processing/recordings/2026-09-08_15-35-04
2026-09-08 15:51:17.599 Recording #2 -> 2026-09-08_15-51-17/
2026-09-08 15:51:17.600 Receiving audio packet stream...
2026-09-08 15:51:20.762 Transfer complete. packets=471 pcm_bytes=80384 duration=2.512 s (wall 2.165 s)
2026-09-08 15:51:20.763 Saved to /Users/shreybae/Documents/iLAB/nrfedgeAI_workspace/13_finalProto/bt_processing/recordings/2026-09-08_15-51-17
