2026-09-08 12:39:53.094 === BLE NUS receiver started ===
2026-09-08 12:39:53.099 Packet log: /Users/shreybae/Documents/iLAB/nRF_SDK/12_bt-bf-vad/bt_processing/ble_receiver.txt
2026-09-08 12:39:53.099 Raw PCM: /Users/shreybae/Documents/iLAB/nRF_SDK/12_bt-bf-vad/bt_processing/audio.pcm
2026-09-08 12:39:53.099 WAV audio: /Users/shreybae/Documents/iLAB/nRF_SDK/12_bt-bf-vad/bt_processing/audio.wav
2026-09-08 12:39:53.182 Bluetooth ready. Scanning for Nordic UART Service (NUS)...
2026-09-08 12:39:53.803 Found device: Beamformer, RSSI: -70, Connecting...
2026-09-08 12:39:54.575 Connected. Looking for NUS service...
2026-09-08 12:39:55.018 NUS service found. Discovering TX characteristic...
2026-09-08 12:39:55.078 NUS TX properties raw value: 16
2026-09-08 12:39:55.198 Notifications enabled. Waiting for packets...
2026-09-08 12:40:03.244 Disconnected: The connection has timed out unexpectedly.
2026-09-08 12:40:04.823 Found device: Beamformer, RSSI: -51, Connecting...
2026-09-08 12:40:05.611 Connected. Looking for NUS service...
2026-09-08 12:40:06.059 NUS service found. Discovering TX characteristic...
2026-09-08 12:40:06.120 NUS TX properties raw value: 16
2026-09-08 12:40:06.239 Notifications enabled. Waiting for packets...
2026-09-08 12:40:08.310 Receiving audio packet stream...
2026-09-08 12:40:11.920 Transfer complete. packets=483 pcm_bytes=82432 duration=2.576 s
2026-09-08 12:40:11.920 Packet data saved to ble_receiver.txt
2026-09-08 12:40:11.920 Raw PCM saved to audio.pcm
2026-09-08 12:40:11.920 WAV audio saved to audio.wav
2026-09-08 12:55:18.995 Disconnected: The connection has timed out unexpectedly.
2026-09-08 12:55:19.939 Found device: Beamformer, RSSI: -52, Connecting...
2026-09-08 12:55:20.667 Connected. Looking for NUS service...
2026-09-08 12:55:21.141 NUS service found. Discovering TX characteristic...
2026-09-08 12:55:21.201 NUS TX properties raw value: 16
2026-09-08 12:55:21.322 Notifications enabled. Waiting for packets...
2026-09-08 13:05:28.965 Disconnected: The connection has timed out unexpectedly.
2026-09-08 13:05:32.754 Found device: Beamformer, RSSI: -49, Connecting...
2026-09-08 13:05:34.115 Connected. Looking for NUS service...
2026-09-08 13:05:34.591 NUS service found. Discovering TX characteristic...
2026-09-08 13:05:34.651 NUS TX properties raw value: 16
2026-09-08 13:05:34.771 Notifications enabled. Waiting for packets...
2026-09-08 13:05:37.657 Receiving audio packet stream...
2026-09-08 13:05:41.778 Transfer complete. packets=591 pcm_bytes=100864 duration=3.152 s
2026-09-08 13:05:41.778 Packet data saved to ble_receiver.txt
2026-09-08 13:05:41.778 Raw PCM saved to audio.pcm
2026-09-08 13:05:41.778 WAV audio saved to audio.wav
